[2025-06-09T08:18:46.367+0000] {manager.py:487} INFO - Processing files using up to 2 processes at a time 
[2025-06-09T08:18:46.367+0000] {manager.py:488} INFO - Process each file at most once every 30 seconds
[2025-06-09T08:18:46.367+0000] {manager.py:490} INFO - Checking for new files in /opt/airflow/dags every 300 seconds
[2025-06-09T08:18:46.368+0000] {manager.py:758} INFO - Searching for files in /opt/airflow/dags
[2025-06-09T08:18:46.378+0000] {manager.py:761} INFO - There are 1 files in /opt/airflow/dags
[2025-06-09T08:18:47.467+0000] {manager.py:889} INFO - 
================================================================================
DAG File Processing Stats

File Path                                 PID  Runtime      # DAGs    # Errors  Last Runtime    Last Run
--------------------------------------  -----  ---------  --------  ----------  --------------  ----------
/opt/airflow/dags/online_retail_etl.py     42  0.04s             0           0
================================================================================
[2025-06-09T08:19:17.662+0000] {manager.py:889} INFO - 
================================================================================
DAG File Processing Stats

File Path                                 PID  Runtime      # DAGs    # Errors  Last Runtime    Last Run
--------------------------------------  -----  ---------  --------  ----------  --------------  -------------------
/opt/airflow/dags/online_retail_etl.py     43  0.01s             0           1  0.05s           2025-06-09T08:18:47
================================================================================
[2025-06-09T08:19:47.903+0000] {manager.py:889} INFO - 
================================================================================
DAG File Processing Stats

File Path                                 PID  Runtime      # DAGs    # Errors  Last Runtime    Last Run
--------------------------------------  -----  ---------  --------  ----------  --------------  -------------------
/opt/airflow/dags/online_retail_etl.py     44  0.01s             0           1  0.08s           2025-06-09T08:19:17
================================================================================
[2025-06-09T08:20:18.195+0000] {manager.py:889} INFO - 
================================================================================
DAG File Processing Stats

File Path                                 PID  Runtime      # DAGs    # Errors  Last Runtime    Last Run
--------------------------------------  -----  ---------  --------  ----------  --------------  -------------------
/opt/airflow/dags/online_retail_etl.py     45  0.01s             0           1  0.06s           2025-06-09T08:19:47
================================================================================
[2025-06-09T08:20:48.610+0000] {manager.py:889} INFO - 
================================================================================
DAG File Processing Stats

File Path                                 PID  Runtime      # DAGs    # Errors  Last Runtime    Last Run
--------------------------------------  -----  ---------  --------  ----------  --------------  -------------------
/opt/airflow/dags/online_retail_etl.py     46  0.01s             0           1  0.08s           2025-06-09T08:20:18
================================================================================
[2025-06-09T08:20:48.775+0000] {manager.py:470} INFO - Exiting gracefully upon receiving signal 15
[2025-06-09T08:20:48.775+0000] {manager.py:470} INFO - Exiting gracefully upon receiving signal 15
[2025-06-09T08:20:49.301+0000] {manager.py:470} INFO - Exiting gracefully upon receiving signal 15
[2025-06-09T08:30:02.137+0000] {manager.py:487} INFO - Processing files using up to 2 processes at a time 
[2025-06-09T08:30:02.138+0000] {manager.py:488} INFO - Process each file at most once every 30 seconds
[2025-06-09T08:30:02.138+0000] {manager.py:490} INFO - Checking for new files in /opt/airflow/dags every 300 seconds
[2025-06-09T08:30:02.138+0000] {manager.py:758} INFO - Searching for files in /opt/airflow/dags
[2025-06-09T08:30:02.140+0000] {manager.py:761} INFO - There are 1 files in /opt/airflow/dags
[2025-06-09T08:30:02.943+0000] {manager.py:889} INFO - 
================================================================================
DAG File Processing Stats

File Path                                 PID  Runtime      # DAGs    # Errors  Last Runtime    Last Run
--------------------------------------  -----  ---------  --------  ----------  --------------  ----------
/opt/airflow/dags/online_retail_etl.py     35  0.02s             0           0
================================================================================
[2025-06-09T08:30:33.213+0000] {manager.py:889} INFO - 
================================================================================
DAG File Processing Stats

File Path                                 PID  Runtime      # DAGs    # Errors  Last Runtime    Last Run
--------------------------------------  -----  ---------  --------  ----------  --------------  -------------------
/opt/airflow/dags/online_retail_etl.py     36  0.01s             0           1  0.03s           2025-06-09T08:30:02
================================================================================
[2025-06-09T08:31:03.528+0000] {manager.py:889} INFO - 
================================================================================
DAG File Processing Stats

File Path                                 PID  Runtime      # DAGs    # Errors  Last Runtime    Last Run
--------------------------------------  -----  ---------  --------  ----------  --------------  -------------------
/opt/airflow/dags/online_retail_etl.py     37  0.01s             0           1  0.07s           2025-06-09T08:30:33
================================================================================
[2025-06-09T08:31:33.864+0000] {manager.py:889} INFO - 
================================================================================
DAG File Processing Stats

File Path                                 PID  Runtime      # DAGs    # Errors  Last Runtime    Last Run
--------------------------------------  -----  ---------  --------  ----------  --------------  -------------------
/opt/airflow/dags/online_retail_etl.py     38  0.01s             0           1  0.09s           2025-06-09T08:31:03
================================================================================
[2025-06-09T08:32:04.186+0000] {manager.py:889} INFO - 
================================================================================
DAG File Processing Stats

File Path                                 PID  Runtime      # DAGs    # Errors  Last Runtime    Last Run
--------------------------------------  -----  ---------  --------  ----------  --------------  -------------------
/opt/airflow/dags/online_retail_etl.py     39  0.01s             0           1  0.06s           2025-06-09T08:31:33
================================================================================
[2025-06-09T08:32:34.481+0000] {manager.py:889} INFO - 
================================================================================
DAG File Processing Stats

File Path                                 PID  Runtime      # DAGs    # Errors  Last Runtime    Last Run
--------------------------------------  -----  ---------  --------  ----------  --------------  -------------------
/opt/airflow/dags/online_retail_etl.py     40  0.00s             0           1  0.07s           2025-06-09T08:32:04
================================================================================
[2025-06-09T08:33:04.765+0000] {manager.py:889} INFO - 
================================================================================
DAG File Processing Stats

File Path                                 PID  Runtime      # DAGs    # Errors  Last Runtime    Last Run
--------------------------------------  -----  ---------  --------  ----------  --------------  -------------------
/opt/airflow/dags/online_retail_etl.py     41  0.01s             0           1  0.06s           2025-06-09T08:32:34
================================================================================
[2025-06-09T08:33:34.947+0000] {manager.py:889} INFO - 
================================================================================
DAG File Processing Stats

File Path                                 PID  Runtime      # DAGs    # Errors  Last Runtime    Last Run
--------------------------------------  -----  ---------  --------  ----------  --------------  -------------------
/opt/airflow/dags/online_retail_etl.py     42  0.00s             0           1  0.11s           2025-06-09T08:33:04
================================================================================
[2025-06-09T08:34:05.173+0000] {manager.py:889} INFO - 
================================================================================
DAG File Processing Stats

File Path                                 PID  Runtime      # DAGs    # Errors  Last Runtime    Last Run
--------------------------------------  -----  ---------  --------  ----------  --------------  -------------------
/opt/airflow/dags/online_retail_etl.py     43  0.00s             0           1  0.04s           2025-06-09T08:33:34
================================================================================
[2025-06-09T08:34:35.475+0000] {manager.py:889} INFO - 
================================================================================
DAG File Processing Stats

File Path                                 PID  Runtime      # DAGs    # Errors  Last Runtime    Last Run
--------------------------------------  -----  ---------  --------  ----------  --------------  -------------------
/opt/airflow/dags/online_retail_etl.py     44  0.01s             0           1  0.06s           2025-06-09T08:34:05
================================================================================
[2025-06-09T08:35:02.721+0000] {manager.py:758} INFO - Searching for files in /opt/airflow/dags
[2025-06-09T08:35:02.730+0000] {manager.py:761} INFO - There are 1 files in /opt/airflow/dags
[2025-06-09T08:35:05.774+0000] {manager.py:889} INFO - 
================================================================================
DAG File Processing Stats

File Path                                 PID  Runtime      # DAGs    # Errors  Last Runtime    Last Run
--------------------------------------  -----  ---------  --------  ----------  --------------  -------------------
/opt/airflow/dags/online_retail_etl.py     45  0.01s             0           1  0.07s           2025-06-09T08:34:35
================================================================================
[2025-06-09T08:35:36.059+0000] {manager.py:889} INFO - 
================================================================================
DAG File Processing Stats

File Path                                 PID  Runtime      # DAGs    # Errors  Last Runtime    Last Run
--------------------------------------  -----  ---------  --------  ----------  --------------  -------------------
/opt/airflow/dags/online_retail_etl.py     46  0.02s             0           1  0.07s           2025-06-09T08:35:05
================================================================================
[2025-06-09T08:36:06.402+0000] {manager.py:889} INFO - 
================================================================================
DAG File Processing Stats

File Path                                 PID  Runtime      # DAGs    # Errors  Last Runtime    Last Run
--------------------------------------  -----  ---------  --------  ----------  --------------  -------------------
/opt/airflow/dags/online_retail_etl.py     47  0.02s             0           1  0.11s           2025-06-09T08:35:36
================================================================================
[2025-06-09T08:36:36.754+0000] {manager.py:889} INFO - 
================================================================================
DAG File Processing Stats

File Path                                 PID  Runtime      # DAGs    # Errors  Last Runtime    Last Run
--------------------------------------  -----  ---------  --------  ----------  --------------  -------------------
/opt/airflow/dags/online_retail_etl.py     48  0.01s             0           1  0.10s           2025-06-09T08:36:06
================================================================================
[2025-06-09T08:37:07.138+0000] {manager.py:889} INFO - 
================================================================================
DAG File Processing Stats

File Path                                 PID  Runtime      # DAGs    # Errors  Last Runtime    Last Run
--------------------------------------  -----  ---------  --------  ----------  --------------  -------------------
/opt/airflow/dags/online_retail_etl.py     49  0.02s             0           1  0.10s           2025-06-09T08:36:36
================================================================================
[2025-06-09T08:37:37.359+0000] {manager.py:889} INFO - 
================================================================================
DAG File Processing Stats

File Path                                 PID  Runtime      # DAGs    # Errors  Last Runtime    Last Run
--------------------------------------  -----  ---------  --------  ----------  --------------  -------------------
/opt/airflow/dags/online_retail_etl.py     50  0.00s             0           1  0.09s           2025-06-09T08:37:07
================================================================================
[2025-06-09T08:38:07.564+0000] {manager.py:889} INFO - 
================================================================================
DAG File Processing Stats

File Path                                 PID  Runtime      # DAGs    # Errors  Last Runtime    Last Run
--------------------------------------  -----  ---------  --------  ----------  --------------  -------------------
/opt/airflow/dags/online_retail_etl.py     51  0.00s             0           1  0.13s           2025-06-09T08:37:37
================================================================================
[2025-06-09T08:38:37.896+0000] {manager.py:889} INFO - 
================================================================================
DAG File Processing Stats

File Path                                 PID  Runtime      # DAGs    # Errors  Last Runtime    Last Run
--------------------------------------  -----  ---------  --------  ----------  --------------  -------------------
/opt/airflow/dags/online_retail_etl.py     52  0.01s             0           1  0.07s           2025-06-09T08:38:07
================================================================================
[2025-06-09T08:39:08.223+0000] {manager.py:889} INFO - 
================================================================================
DAG File Processing Stats

File Path                                 PID  Runtime      # DAGs    # Errors  Last Runtime    Last Run
--------------------------------------  -----  ---------  --------  ----------  --------------  -------------------
/opt/airflow/dags/online_retail_etl.py     53  0.01s             0           1  0.12s           2025-06-09T08:38:38
================================================================================
[2025-06-09T08:39:38.650+0000] {manager.py:889} INFO - 
================================================================================
DAG File Processing Stats

File Path                                 PID  Runtime      # DAGs    # Errors  Last Runtime    Last Run
--------------------------------------  -----  ---------  --------  ----------  --------------  -------------------
/opt/airflow/dags/online_retail_etl.py     54  0.02s             0           1  0.09s           2025-06-09T08:39:08
================================================================================
[2025-06-09T08:40:02.909+0000] {manager.py:758} INFO - Searching for files in /opt/airflow/dags
[2025-06-09T08:40:02.921+0000] {manager.py:761} INFO - There are 1 files in /opt/airflow/dags
[2025-06-09T08:40:09.036+0000] {manager.py:889} INFO - 
================================================================================
DAG File Processing Stats

File Path                                 PID  Runtime      # DAGs    # Errors  Last Runtime    Last Run
--------------------------------------  -----  ---------  --------  ----------  --------------  -------------------
/opt/airflow/dags/online_retail_etl.py     55  0.02s             0           1  0.11s           2025-06-09T08:39:38
================================================================================
[2025-06-09T08:40:39.350+0000] {manager.py:889} INFO - 
================================================================================
DAG File Processing Stats

File Path                               PID    Runtime      # DAGs    # Errors  Last Runtime    Last Run
--------------------------------------  -----  ---------  --------  ----------  --------------  -------------------
/opt/airflow/dags/online_retail_etl.py                           1           0  0.30s           2025-06-09T08:40:30
================================================================================
[2025-06-09T08:41:09.915+0000] {manager.py:889} INFO - 
================================================================================
DAG File Processing Stats

File Path                               PID    Runtime      # DAGs    # Errors  Last Runtime    Last Run
--------------------------------------  -----  ---------  --------  ----------  --------------  -------------------
/opt/airflow/dags/online_retail_etl.py                           1           0  0.14s           2025-06-09T08:41:00
================================================================================
[2025-06-09T08:41:40.308+0000] {manager.py:889} INFO - 
================================================================================
DAG File Processing Stats

File Path                               PID    Runtime      # DAGs    # Errors  Last Runtime    Last Run
--------------------------------------  -----  ---------  --------  ----------  --------------  -------------------
/opt/airflow/dags/online_retail_etl.py                           1           0  0.17s           2025-06-09T08:41:31
================================================================================
[2025-06-09T08:42:10.653+0000] {manager.py:889} INFO - 
================================================================================
DAG File Processing Stats

File Path                               PID    Runtime      # DAGs    # Errors  Last Runtime    Last Run
--------------------------------------  -----  ---------  --------  ----------  --------------  -------------------
/opt/airflow/dags/online_retail_etl.py                           1           0  0.13s           2025-06-09T08:42:01
================================================================================
[2025-06-09T08:42:40.971+0000] {manager.py:889} INFO - 
================================================================================
DAG File Processing Stats

File Path                               PID    Runtime      # DAGs    # Errors  Last Runtime    Last Run
--------------------------------------  -----  ---------  --------  ----------  --------------  -------------------
/opt/airflow/dags/online_retail_etl.py                           1           0  0.16s           2025-06-09T08:42:32
================================================================================
[2025-06-09T08:43:11.334+0000] {manager.py:889} INFO - 
================================================================================
DAG File Processing Stats

File Path                               PID    Runtime      # DAGs    # Errors  Last Runtime    Last Run
--------------------------------------  -----  ---------  --------  ----------  --------------  -------------------
/opt/airflow/dags/online_retail_etl.py                           1           0  0.14s           2025-06-09T08:43:02
================================================================================
[2025-06-09T08:43:41.769+0000] {manager.py:889} INFO - 
================================================================================
DAG File Processing Stats

File Path                               PID    Runtime      # DAGs    # Errors  Last Runtime    Last Run
--------------------------------------  -----  ---------  --------  ----------  --------------  -------------------
/opt/airflow/dags/online_retail_etl.py                           1           0  0.15s           2025-06-09T08:43:32
================================================================================
[2025-06-09T08:44:12.117+0000] {manager.py:889} INFO - 
================================================================================
DAG File Processing Stats

File Path                               PID    Runtime      # DAGs    # Errors  Last Runtime    Last Run
--------------------------------------  -----  ---------  --------  ----------  --------------  -------------------
/opt/airflow/dags/online_retail_etl.py                           1           0  0.14s           2025-06-09T08:44:03
================================================================================
[2025-06-09T08:44:42.487+0000] {manager.py:889} INFO - 
================================================================================
DAG File Processing Stats

File Path                               PID    Runtime      # DAGs    # Errors  Last Runtime    Last Run
--------------------------------------  -----  ---------  --------  ----------  --------------  -------------------
/opt/airflow/dags/online_retail_etl.py                           1           0  0.16s           2025-06-09T08:44:33
================================================================================
[2025-06-09T08:45:03.689+0000] {manager.py:758} INFO - Searching for files in /opt/airflow/dags
[2025-06-09T08:45:03.702+0000] {manager.py:761} INFO - There are 1 files in /opt/airflow/dags
[2025-06-09T08:45:12.857+0000] {manager.py:889} INFO - 
================================================================================
DAG File Processing Stats

File Path                               PID    Runtime      # DAGs    # Errors  Last Runtime    Last Run
--------------------------------------  -----  ---------  --------  ----------  --------------  -------------------
/opt/airflow/dags/online_retail_etl.py                           1           0  0.12s           2025-06-09T08:45:03
================================================================================
[2025-06-09T08:45:43.185+0000] {manager.py:889} INFO - 
================================================================================
DAG File Processing Stats

File Path                               PID    Runtime      # DAGs    # Errors  Last Runtime    Last Run
--------------------------------------  -----  ---------  --------  ----------  --------------  -------------------
/opt/airflow/dags/online_retail_etl.py                           1           0  0.14s           2025-06-09T08:45:34
================================================================================
[2025-06-09T08:46:13.566+0000] {manager.py:889} INFO - 
================================================================================
DAG File Processing Stats

File Path                               PID    Runtime      # DAGs    # Errors  Last Runtime    Last Run
--------------------------------------  -----  ---------  --------  ----------  --------------  -------------------
/opt/airflow/dags/online_retail_etl.py                           1           0  0.13s           2025-06-09T08:46:04
================================================================================
[2025-06-09T08:46:43.930+0000] {manager.py:889} INFO - 
================================================================================
DAG File Processing Stats

File Path                               PID    Runtime      # DAGs    # Errors  Last Runtime    Last Run
--------------------------------------  -----  ---------  --------  ----------  --------------  -------------------
/opt/airflow/dags/online_retail_etl.py                           1           0  0.14s           2025-06-09T08:46:34
================================================================================
[2025-06-09T08:47:14.242+0000] {manager.py:889} INFO - 
================================================================================
DAG File Processing Stats

File Path                               PID    Runtime      # DAGs    # Errors  Last Runtime    Last Run
--------------------------------------  -----  ---------  --------  ----------  --------------  -------------------
/opt/airflow/dags/online_retail_etl.py                           1           0  0.12s           2025-06-09T08:47:05
================================================================================
[2025-06-09T08:47:44.575+0000] {manager.py:889} INFO - 
================================================================================
DAG File Processing Stats

File Path                               PID    Runtime      # DAGs    # Errors  Last Runtime    Last Run
--------------------------------------  -----  ---------  --------  ----------  --------------  -------------------
/opt/airflow/dags/online_retail_etl.py                           1           0  0.09s           2025-06-09T08:47:35
================================================================================
[2025-06-09T08:48:14.894+0000] {manager.py:889} INFO - 
================================================================================
DAG File Processing Stats

File Path                               PID    Runtime      # DAGs    # Errors  Last Runtime    Last Run
--------------------------------------  -----  ---------  --------  ----------  --------------  -------------------
/opt/airflow/dags/online_retail_etl.py                           1           0  0.12s           2025-06-09T08:48:05
================================================================================
[2025-06-09T08:48:45.216+0000] {manager.py:889} INFO - 
================================================================================
DAG File Processing Stats

File Path                               PID    Runtime      # DAGs    # Errors  Last Runtime    Last Run
--------------------------------------  -----  ---------  --------  ----------  --------------  -------------------
/opt/airflow/dags/online_retail_etl.py                           1           0  0.10s           2025-06-09T08:48:36
================================================================================
[2025-06-09T08:49:15.520+0000] {manager.py:889} INFO - 
================================================================================
DAG File Processing Stats

File Path                               PID    Runtime      # DAGs    # Errors  Last Runtime    Last Run
--------------------------------------  -----  ---------  --------  ----------  --------------  -------------------
/opt/airflow/dags/online_retail_etl.py                           1           0  0.15s           2025-06-09T08:49:06
================================================================================
[2025-06-09T08:49:45.800+0000] {manager.py:889} INFO - 
================================================================================
DAG File Processing Stats

File Path                               PID    Runtime      # DAGs    # Errors  Last Runtime    Last Run
--------------------------------------  -----  ---------  --------  ----------  --------------  -------------------
/opt/airflow/dags/online_retail_etl.py                           1           0  0.12s           2025-06-09T08:49:36
================================================================================
[2025-06-09T08:50:03.957+0000] {manager.py:758} INFO - Searching for files in /opt/airflow/dags
[2025-06-09T08:50:03.968+0000] {manager.py:761} INFO - There are 1 files in /opt/airflow/dags
[2025-06-09T08:50:16.148+0000] {manager.py:889} INFO - 
================================================================================
DAG File Processing Stats

File Path                               PID    Runtime      # DAGs    # Errors  Last Runtime    Last Run
--------------------------------------  -----  ---------  --------  ----------  --------------  -------------------
/opt/airflow/dags/online_retail_etl.py                           1           0  0.11s           2025-06-09T08:50:07
================================================================================
[2025-06-09T08:50:46.475+0000] {manager.py:889} INFO - 
================================================================================
DAG File Processing Stats

File Path                               PID    Runtime      # DAGs    # Errors  Last Runtime    Last Run
--------------------------------------  -----  ---------  --------  ----------  --------------  -------------------
/opt/airflow/dags/online_retail_etl.py                           1           0  0.07s           2025-06-09T08:50:37
================================================================================
[2025-06-09T08:51:16.799+0000] {manager.py:889} INFO - 
================================================================================
DAG File Processing Stats

File Path                               PID    Runtime      # DAGs    # Errors  Last Runtime    Last Run
--------------------------------------  -----  ---------  --------  ----------  --------------  -------------------
/opt/airflow/dags/online_retail_etl.py                           1           0  0.12s           2025-06-09T08:51:07
================================================================================
[2025-06-09T08:51:47.164+0000] {manager.py:889} INFO - 
================================================================================
DAG File Processing Stats

File Path                               PID    Runtime      # DAGs    # Errors  Last Runtime    Last Run
--------------------------------------  -----  ---------  --------  ----------  --------------  -------------------
/opt/airflow/dags/online_retail_etl.py                           1           0  0.15s           2025-06-09T08:51:38
================================================================================
[2025-06-09T08:52:17.575+0000] {manager.py:889} INFO - 
================================================================================
DAG File Processing Stats

File Path                               PID    Runtime      # DAGs    # Errors  Last Runtime    Last Run
--------------------------------------  -----  ---------  --------  ----------  --------------  -------------------
/opt/airflow/dags/online_retail_etl.py                           1           0  0.14s           2025-06-09T08:52:08
================================================================================
[2025-06-09T08:52:47.955+0000] {manager.py:889} INFO - 
================================================================================
DAG File Processing Stats

File Path                               PID    Runtime      # DAGs    # Errors  Last Runtime    Last Run
--------------------------------------  -----  ---------  --------  ----------  --------------  -------------------
/opt/airflow/dags/online_retail_etl.py                           1           0  0.13s           2025-06-09T08:52:38
================================================================================
[2025-06-09T08:53:18.324+0000] {manager.py:889} INFO - 
================================================================================
DAG File Processing Stats

File Path                               PID    Runtime      # DAGs    # Errors  Last Runtime    Last Run
--------------------------------------  -----  ---------  --------  ----------  --------------  -------------------
/opt/airflow/dags/online_retail_etl.py                           1           0  0.15s           2025-06-09T08:53:09
================================================================================
[2025-06-09T08:53:48.699+0000] {manager.py:889} INFO - 
================================================================================
DAG File Processing Stats

File Path                               PID    Runtime      # DAGs    # Errors  Last Runtime    Last Run
--------------------------------------  -----  ---------  --------  ----------  --------------  -------------------
/opt/airflow/dags/online_retail_etl.py                           1           0  0.09s           2025-06-09T08:53:45
================================================================================
[2025-06-09T08:54:19.046+0000] {manager.py:889} INFO - 
================================================================================
DAG File Processing Stats

File Path                               PID    Runtime      # DAGs    # Errors  Last Runtime    Last Run
--------------------------------------  -----  ---------  --------  ----------  --------------  -------------------
/opt/airflow/dags/online_retail_etl.py                           1           0  0.13s           2025-06-09T08:54:16
================================================================================
[2025-06-09T08:54:49.375+0000] {manager.py:889} INFO - 
================================================================================
DAG File Processing Stats

File Path                               PID    Runtime      # DAGs    # Errors  Last Runtime    Last Run
--------------------------------------  -----  ---------  --------  ----------  --------------  -------------------
/opt/airflow/dags/online_retail_etl.py                           1           0  0.12s           2025-06-09T08:54:46
================================================================================
[2025-06-09T08:55:04.556+0000] {manager.py:758} INFO - Searching for files in /opt/airflow/dags
[2025-06-09T08:55:04.566+0000] {manager.py:761} INFO - There are 1 files in /opt/airflow/dags
[2025-06-09T08:55:09.922+0000] {manager.py:470} INFO - Exiting gracefully upon receiving signal 15
[2025-07-06T11:39:55.270+0000] {manager.py:487} INFO - Processing files using up to 2 processes at a time 
[2025-07-06T11:39:55.271+0000] {manager.py:488} INFO - Process each file at most once every 30 seconds
[2025-07-06T11:39:55.271+0000] {manager.py:490} INFO - Checking for new files in /opt/airflow/dags every 300 seconds
[2025-07-06T11:39:55.271+0000] {manager.py:758} INFO - Searching for files in /opt/airflow/dags
[2025-07-06T11:39:55.274+0000] {manager.py:761} INFO - There are 1 files in /opt/airflow/dags
[2025-07-06T11:39:56.113+0000] {manager.py:889} INFO - 
================================================================================
DAG File Processing Stats

File Path                                 PID  Runtime      # DAGs    # Errors  Last Runtime    Last Run
--------------------------------------  -----  ---------  --------  ----------  --------------  ----------
/opt/airflow/dags/online_retail_etl.py     43  0.03s             0           0
================================================================================
[2025-07-06T11:40:26.394+0000] {manager.py:889} INFO - 
================================================================================
DAG File Processing Stats

File Path                                 PID  Runtime      # DAGs    # Errors  Last Runtime    Last Run
--------------------------------------  -----  ---------  --------  ----------  --------------  -------------------
/opt/airflow/dags/online_retail_etl.py     44  0.01s             1           0  0.23s           2025-07-06T11:39:56
================================================================================
[2025-07-06T11:40:56.790+0000] {manager.py:889} INFO - 
================================================================================
DAG File Processing Stats

File Path                                 PID  Runtime      # DAGs    # Errors  Last Runtime    Last Run
--------------------------------------  -----  ---------  --------  ----------  --------------  -------------------
/opt/airflow/dags/online_retail_etl.py     45  0.01s             1           0  0.14s           2025-07-06T11:40:26
================================================================================
[2025-07-06T11:41:27.085+0000] {manager.py:889} INFO - 
================================================================================
DAG File Processing Stats

File Path                                 PID  Runtime      # DAGs    # Errors  Last Runtime    Last Run
--------------------------------------  -----  ---------  --------  ----------  --------------  -------------------
/opt/airflow/dags/online_retail_etl.py     46  0.01s             1           0  0.11s           2025-07-06T11:40:56
================================================================================
[2025-07-06T11:41:57.350+0000] {manager.py:889} INFO - 
================================================================================
DAG File Processing Stats

File Path                                 PID  Runtime      # DAGs    # Errors  Last Runtime    Last Run
--------------------------------------  -----  ---------  --------  ----------  --------------  -------------------
/opt/airflow/dags/online_retail_etl.py     47  0.01s             1           0  0.11s           2025-07-06T11:41:27
================================================================================
[2025-07-06T11:42:27.671+0000] {manager.py:889} INFO - 
================================================================================
DAG File Processing Stats

File Path                                 PID  Runtime      # DAGs    # Errors  Last Runtime    Last Run
--------------------------------------  -----  ---------  --------  ----------  --------------  -------------------
/opt/airflow/dags/online_retail_etl.py     48  0.01s             1           0  0.10s           2025-07-06T11:41:57
================================================================================
[2025-07-06T11:42:57.969+0000] {manager.py:889} INFO - 
================================================================================
DAG File Processing Stats

File Path                                 PID  Runtime      # DAGs    # Errors  Last Runtime    Last Run
--------------------------------------  -----  ---------  --------  ----------  --------------  -------------------
/opt/airflow/dags/online_retail_etl.py     49  0.02s             1           0  0.11s           2025-07-06T11:42:27
================================================================================
[2025-07-06T11:43:28.307+0000] {manager.py:889} INFO - 
================================================================================
DAG File Processing Stats

File Path                                 PID  Runtime      # DAGs    # Errors  Last Runtime    Last Run
--------------------------------------  -----  ---------  --------  ----------  --------------  -------------------
/opt/airflow/dags/online_retail_etl.py     50  0.03s             1           0  0.15s           2025-07-06T11:42:58
================================================================================
[2025-07-06T11:43:58.562+0000] {manager.py:889} INFO - 
================================================================================
DAG File Processing Stats

File Path                                 PID  Runtime      # DAGs    # Errors  Last Runtime    Last Run
--------------------------------------  -----  ---------  --------  ----------  --------------  -------------------
/opt/airflow/dags/online_retail_etl.py     51  0.01s             1           0  0.14s           2025-07-06T11:43:28
================================================================================
[2025-07-06T11:44:28.888+0000] {manager.py:889} INFO - 
================================================================================
DAG File Processing Stats

File Path                                 PID  Runtime      # DAGs    # Errors  Last Runtime    Last Run
--------------------------------------  -----  ---------  --------  ----------  --------------  -------------------
/opt/airflow/dags/online_retail_etl.py     52  0.03s             1           0  0.12s           2025-07-06T11:43:58
================================================================================
[2025-07-06T11:44:56.146+0000] {manager.py:758} INFO - Searching for files in /opt/airflow/dags
[2025-07-06T11:44:56.159+0000] {manager.py:761} INFO - There are 1 files in /opt/airflow/dags
[2025-07-06T11:44:59.247+0000] {manager.py:889} INFO - 
================================================================================
DAG File Processing Stats

File Path                                 PID  Runtime      # DAGs    # Errors  Last Runtime    Last Run
--------------------------------------  -----  ---------  --------  ----------  --------------  -------------------
/opt/airflow/dags/online_retail_etl.py     53  0.01s             1           0  0.15s           2025-07-06T11:44:29
================================================================================
[2025-07-06T11:45:29.528+0000] {manager.py:889} INFO - 
================================================================================
DAG File Processing Stats

File Path                                 PID  Runtime      # DAGs    # Errors  Last Runtime    Last Run
--------------------------------------  -----  ---------  --------  ----------  --------------  -------------------
/opt/airflow/dags/online_retail_etl.py     54  0.01s             1           0  0.13s           2025-07-06T11:44:59
================================================================================
[2025-07-06T11:45:59.960+0000] {manager.py:889} INFO - 
================================================================================
DAG File Processing Stats

File Path                                 PID  Runtime      # DAGs    # Errors  Last Runtime    Last Run
--------------------------------------  -----  ---------  --------  ----------  --------------  -------------------
/opt/airflow/dags/online_retail_etl.py     55  0.02s             1           0  0.10s           2025-07-06T11:45:29
================================================================================
[2025-07-06T11:46:30.255+0000] {manager.py:889} INFO - 
================================================================================
DAG File Processing Stats

File Path                                 PID  Runtime      # DAGs    # Errors  Last Runtime    Last Run
--------------------------------------  -----  ---------  --------  ----------  --------------  -------------------
/opt/airflow/dags/online_retail_etl.py     56  0.02s             1           0  0.17s           2025-07-06T11:46:00
================================================================================
[2025-07-06T11:47:00.564+0000] {manager.py:889} INFO - 
================================================================================
DAG File Processing Stats

File Path                                 PID  Runtime      # DAGs    # Errors  Last Runtime    Last Run
--------------------------------------  -----  ---------  --------  ----------  --------------  -------------------
/opt/airflow/dags/online_retail_etl.py     57  0.02s             1           0  0.17s           2025-07-06T11:46:30
================================================================================
[2025-07-06T11:47:30.888+0000] {manager.py:889} INFO - 
================================================================================
DAG File Processing Stats

File Path                                 PID  Runtime      # DAGs    # Errors  Last Runtime    Last Run
--------------------------------------  -----  ---------  --------  ----------  --------------  -------------------
/opt/airflow/dags/online_retail_etl.py     58  0.03s             1           0  0.19s           2025-07-06T11:47:00
================================================================================
[2025-07-06T11:48:01.335+0000] {manager.py:889} INFO - 
================================================================================
DAG File Processing Stats

File Path                                 PID  Runtime      # DAGs    # Errors  Last Runtime    Last Run
--------------------------------------  -----  ---------  --------  ----------  --------------  -------------------
/opt/airflow/dags/online_retail_etl.py     59  0.03s             1           0  0.16s           2025-07-06T11:47:31
================================================================================
[2025-07-06T11:48:31.731+0000] {manager.py:889} INFO - 
================================================================================
DAG File Processing Stats

File Path                                 PID  Runtime      # DAGs    # Errors  Last Runtime    Last Run
--------------------------------------  -----  ---------  --------  ----------  --------------  -------------------
/opt/airflow/dags/online_retail_etl.py     60  0.03s             1           0  0.17s           2025-07-06T11:48:01
================================================================================
[2025-07-06T11:49:02.041+0000] {manager.py:889} INFO - 
================================================================================
DAG File Processing Stats

File Path                                 PID  Runtime      # DAGs    # Errors  Last Runtime    Last Run
--------------------------------------  -----  ---------  --------  ----------  --------------  -------------------
/opt/airflow/dags/online_retail_etl.py     61  0.02s             1           0  0.18s           2025-07-06T11:48:31
================================================================================
[2025-07-06T11:49:32.407+0000] {manager.py:889} INFO - 
================================================================================
DAG File Processing Stats

File Path                                 PID  Runtime      # DAGs    # Errors  Last Runtime    Last Run
--------------------------------------  -----  ---------  --------  ----------  --------------  -------------------
/opt/airflow/dags/online_retail_etl.py     62  0.02s             1           0  0.15s           2025-07-06T11:49:02
================================================================================
[2025-07-06T11:49:56.628+0000] {manager.py:758} INFO - Searching for files in /opt/airflow/dags
[2025-07-06T11:49:56.634+0000] {manager.py:761} INFO - There are 1 files in /opt/airflow/dags
[2025-07-06T11:50:02.679+0000] {manager.py:889} INFO - 
================================================================================
DAG File Processing Stats

File Path                                 PID  Runtime      # DAGs    # Errors  Last Runtime    Last Run
--------------------------------------  -----  ---------  --------  ----------  --------------  -------------------
/opt/airflow/dags/online_retail_etl.py     63  0.00s             1           0  0.16s           2025-07-06T11:49:32
================================================================================
[2025-07-06T11:50:33.077+0000] {manager.py:889} INFO - 
================================================================================
DAG File Processing Stats

File Path                                 PID  Runtime      # DAGs    # Errors  Last Runtime    Last Run
--------------------------------------  -----  ---------  --------  ----------  --------------  -------------------
/opt/airflow/dags/online_retail_etl.py     64  0.02s             1           0  0.13s           2025-07-06T11:50:02
================================================================================
[2025-07-06T11:51:03.407+0000] {manager.py:889} INFO - 
================================================================================
DAG File Processing Stats

File Path                                 PID  Runtime      # DAGs    # Errors  Last Runtime    Last Run
--------------------------------------  -----  ---------  --------  ----------  --------------  -------------------
/opt/airflow/dags/online_retail_etl.py     65  0.01s             1           0  0.18s           2025-07-06T11:50:33
================================================================================
[2025-07-06T11:51:33.751+0000] {manager.py:889} INFO - 
================================================================================
DAG File Processing Stats

File Path                                 PID  Runtime      # DAGs    # Errors  Last Runtime    Last Run
--------------------------------------  -----  ---------  --------  ----------  --------------  -------------------
/opt/airflow/dags/online_retail_etl.py     66  0.02s             1           0  0.16s           2025-07-06T11:51:03
================================================================================
[2025-07-06T11:52:04.092+0000] {manager.py:889} INFO - 
================================================================================
DAG File Processing Stats

File Path                                 PID  Runtime      # DAGs    # Errors  Last Runtime    Last Run
--------------------------------------  -----  ---------  --------  ----------  --------------  -------------------
/opt/airflow/dags/online_retail_etl.py     67  0.02s             1           0  0.17s           2025-07-06T11:51:33
================================================================================
[2025-07-06T11:52:34.421+0000] {manager.py:889} INFO - 
================================================================================
DAG File Processing Stats

File Path                                 PID  Runtime      # DAGs    # Errors  Last Runtime    Last Run
--------------------------------------  -----  ---------  --------  ----------  --------------  -------------------
/opt/airflow/dags/online_retail_etl.py     68  0.02s             1           0  0.20s           2025-07-06T11:52:04
================================================================================
[2025-07-06T11:53:04.832+0000] {manager.py:889} INFO - 
================================================================================
DAG File Processing Stats

File Path                                 PID  Runtime      # DAGs    # Errors  Last Runtime    Last Run
--------------------------------------  -----  ---------  --------  ----------  --------------  -------------------
/opt/airflow/dags/online_retail_etl.py     69  0.00s             1           0  0.14s           2025-07-06T11:52:34
================================================================================
[2025-07-06T11:53:35.132+0000] {manager.py:889} INFO - 
================================================================================
DAG File Processing Stats

File Path                                 PID  Runtime      # DAGs    # Errors  Last Runtime    Last Run
--------------------------------------  -----  ---------  --------  ----------  --------------  -------------------
/opt/airflow/dags/online_retail_etl.py     70  0.01s             1           0  0.13s           2025-07-06T11:53:04
================================================================================
[2025-07-06T11:54:05.446+0000] {manager.py:889} INFO - 
================================================================================
DAG File Processing Stats

File Path                                 PID  Runtime      # DAGs    # Errors  Last Runtime    Last Run
--------------------------------------  -----  ---------  --------  ----------  --------------  -------------------
/opt/airflow/dags/online_retail_etl.py     71  0.01s             1           0  0.13s           2025-07-06T11:53:35
================================================================================
[2025-07-06T11:54:35.897+0000] {manager.py:889} INFO - 
================================================================================
DAG File Processing Stats

File Path                                 PID  Runtime      # DAGs    # Errors  Last Runtime    Last Run
--------------------------------------  -----  ---------  --------  ----------  --------------  -------------------
/opt/airflow/dags/online_retail_etl.py     72  0.09s             1           0  0.16s           2025-07-06T11:54:05
================================================================================
[2025-07-06T11:54:57.101+0000] {manager.py:758} INFO - Searching for files in /opt/airflow/dags
[2025-07-06T11:54:57.118+0000] {manager.py:761} INFO - There are 1 files in /opt/airflow/dags
[2025-07-06T11:55:06.258+0000] {manager.py:889} INFO - 
================================================================================
DAG File Processing Stats

File Path                                 PID  Runtime      # DAGs    # Errors  Last Runtime    Last Run
--------------------------------------  -----  ---------  --------  ----------  --------------  -------------------
/opt/airflow/dags/online_retail_etl.py     73  0.02s             1           0  0.29s           2025-07-06T11:54:36
================================================================================
[2025-07-06T11:55:36.581+0000] {manager.py:889} INFO - 
================================================================================
DAG File Processing Stats

File Path                                 PID  Runtime      # DAGs    # Errors  Last Runtime    Last Run
--------------------------------------  -----  ---------  --------  ----------  --------------  -------------------
/opt/airflow/dags/online_retail_etl.py     74  0.03s             1           0  0.16s           2025-07-06T11:55:06
================================================================================
[2025-07-06T11:56:06.975+0000] {manager.py:889} INFO - 
================================================================================
DAG File Processing Stats

File Path                                 PID  Runtime      # DAGs    # Errors  Last Runtime    Last Run
--------------------------------------  -----  ---------  --------  ----------  --------------  -------------------
/opt/airflow/dags/online_retail_etl.py     75  0.02s             1           0  0.17s           2025-07-06T11:55:36
================================================================================
[2025-07-06T11:56:37.272+0000] {manager.py:889} INFO - 
================================================================================
DAG File Processing Stats

File Path                                 PID  Runtime      # DAGs    # Errors  Last Runtime    Last Run
--------------------------------------  -----  ---------  --------  ----------  --------------  -------------------
/opt/airflow/dags/online_retail_etl.py     76  0.01s             1           0  0.15s           2025-07-06T11:56:07
================================================================================
[2025-07-06T11:57:07.689+0000] {manager.py:889} INFO - 
================================================================================
DAG File Processing Stats

File Path                                 PID  Runtime      # DAGs    # Errors  Last Runtime    Last Run
--------------------------------------  -----  ---------  --------  ----------  --------------  -------------------
/opt/airflow/dags/online_retail_etl.py     77  0.02s             1           0  0.15s           2025-07-06T11:56:37
================================================================================
[2025-07-06T11:57:37.971+0000] {manager.py:889} INFO - 
================================================================================
DAG File Processing Stats

File Path                                 PID  Runtime      # DAGs    # Errors  Last Runtime    Last Run
--------------------------------------  -----  ---------  --------  ----------  --------------  -------------------
/opt/airflow/dags/online_retail_etl.py     78  0.01s             1           0  0.17s           2025-07-06T11:57:07
================================================================================
[2025-07-06T11:58:08.369+0000] {manager.py:889} INFO - 
================================================================================
DAG File Processing Stats

File Path                                 PID  Runtime      # DAGs    # Errors  Last Runtime    Last Run
--------------------------------------  -----  ---------  --------  ----------  --------------  -------------------
/opt/airflow/dags/online_retail_etl.py     79  0.02s             1           0  0.17s           2025-07-06T11:57:38
================================================================================
[2025-07-06T11:58:38.704+0000] {manager.py:889} INFO - 
================================================================================
DAG File Processing Stats

File Path                                 PID  Runtime      # DAGs    # Errors  Last Runtime    Last Run
--------------------------------------  -----  ---------  --------  ----------  --------------  -------------------
/opt/airflow/dags/online_retail_etl.py     80  0.02s             1           0  0.16s           2025-07-06T11:58:08
================================================================================
[2025-07-06T11:59:09.022+0000] {manager.py:889} INFO - 
================================================================================
DAG File Processing Stats

File Path                                 PID  Runtime      # DAGs    # Errors  Last Runtime    Last Run
--------------------------------------  -----  ---------  --------  ----------  --------------  -------------------
/opt/airflow/dags/online_retail_etl.py     81  0.02s             1           0  0.17s           2025-07-06T11:58:38
================================================================================
[2025-07-06T11:59:39.368+0000] {manager.py:889} INFO - 
================================================================================
DAG File Processing Stats

File Path                                 PID  Runtime      # DAGs    # Errors  Last Runtime    Last Run
--------------------------------------  -----  ---------  --------  ----------  --------------  -------------------
/opt/airflow/dags/online_retail_etl.py     82  0.02s             1           0  0.16s           2025-07-06T11:59:09
================================================================================
[2025-07-06T11:59:57.612+0000] {manager.py:758} INFO - Searching for files in /opt/airflow/dags
[2025-07-06T11:59:57.619+0000] {manager.py:761} INFO - There are 1 files in /opt/airflow/dags
[2025-07-06T12:00:09.758+0000] {manager.py:889} INFO - 
================================================================================
DAG File Processing Stats

File Path                                 PID  Runtime      # DAGs    # Errors  Last Runtime    Last Run
--------------------------------------  -----  ---------  --------  ----------  --------------  -------------------
/opt/airflow/dags/online_retail_etl.py     83  0.02s             1           0  0.17s           2025-07-06T11:59:39
================================================================================
[2025-07-06T12:00:36.154+0000] {manager.py:470} INFO - Exiting gracefully upon receiving signal 15
[2025-07-06T12:04:01.280+0000] {manager.py:487} INFO - Processing files using up to 2 processes at a time 
[2025-07-06T12:04:01.282+0000] {manager.py:488} INFO - Process each file at most once every 30 seconds
[2025-07-06T12:04:01.283+0000] {manager.py:490} INFO - Checking for new files in /opt/airflow/dags every 300 seconds
[2025-07-06T12:04:01.283+0000] {manager.py:758} INFO - Searching for files in /opt/airflow/dags
[2025-07-06T12:04:01.289+0000] {manager.py:761} INFO - There are 1 files in /opt/airflow/dags
[2025-07-06T12:04:02.141+0000] {manager.py:889} INFO - 
================================================================================
DAG File Processing Stats

File Path                                 PID  Runtime      # DAGs    # Errors  Last Runtime    Last Run
--------------------------------------  -----  ---------  --------  ----------  --------------  ----------
/opt/airflow/dags/online_retail_etl.py     42  0.03s             0           0
================================================================================
[2025-07-06T12:04:32.406+0000] {manager.py:889} INFO - 
================================================================================
DAG File Processing Stats

File Path                                 PID  Runtime      # DAGs    # Errors  Last Runtime    Last Run
--------------------------------------  -----  ---------  --------  ----------  --------------  -------------------
/opt/airflow/dags/online_retail_etl.py     43  0.01s             1           0  0.25s           2025-07-06T12:04:02
================================================================================
[2025-07-06T12:05:02.854+0000] {manager.py:889} INFO - 
================================================================================
DAG File Processing Stats

File Path                                 PID  Runtime      # DAGs    # Errors  Last Runtime    Last Run
--------------------------------------  -----  ---------  --------  ----------  --------------  -------------------
/opt/airflow/dags/online_retail_etl.py     44  0.01s             1           0  0.18s           2025-07-06T12:04:32
================================================================================
[2025-07-06T12:05:33.168+0000] {manager.py:889} INFO - 
================================================================================
DAG File Processing Stats

File Path                                 PID  Runtime      # DAGs    # Errors  Last Runtime    Last Run
--------------------------------------  -----  ---------  --------  ----------  --------------  -------------------
/opt/airflow/dags/online_retail_etl.py     45  0.01s             1           0  0.14s           2025-07-06T12:05:02
================================================================================
[2025-07-06T12:06:03.462+0000] {manager.py:889} INFO - 
================================================================================
DAG File Processing Stats

File Path                                 PID  Runtime      # DAGs    # Errors  Last Runtime    Last Run
--------------------------------------  -----  ---------  --------  ----------  --------------  -------------------
/opt/airflow/dags/online_retail_etl.py     46  0.01s             1           0  0.21s           2025-07-06T12:05:33
================================================================================
[2025-07-06T12:06:33.854+0000] {manager.py:889} INFO - 
================================================================================
DAG File Processing Stats

File Path                                 PID  Runtime      # DAGs    # Errors  Last Runtime    Last Run
--------------------------------------  -----  ---------  --------  ----------  --------------  -------------------
/opt/airflow/dags/online_retail_etl.py     47  0.02s             1           0  0.23s           2025-07-06T12:06:03
================================================================================
[2025-07-06T12:07:04.178+0000] {manager.py:889} INFO - 
================================================================================
DAG File Processing Stats

File Path                                 PID  Runtime      # DAGs    # Errors  Last Runtime    Last Run
--------------------------------------  -----  ---------  --------  ----------  --------------  -------------------
/opt/airflow/dags/online_retail_etl.py     48  0.01s             1           0  0.17s           2025-07-06T12:06:34
================================================================================
[2025-07-06T12:07:34.444+0000] {manager.py:889} INFO - 
================================================================================
DAG File Processing Stats

File Path                                 PID  Runtime      # DAGs    # Errors  Last Runtime    Last Run
--------------------------------------  -----  ---------  --------  ----------  --------------  -------------------
/opt/airflow/dags/online_retail_etl.py     49  0.03s             1           0  0.17s           2025-07-06T12:07:04
================================================================================
[2025-07-06T12:08:04.923+0000] {manager.py:889} INFO - 
================================================================================
DAG File Processing Stats

File Path                                 PID  Runtime      # DAGs    # Errors  Last Runtime    Last Run
--------------------------------------  -----  ---------  --------  ----------  --------------  -------------------
/opt/airflow/dags/online_retail_etl.py     50  0.02s             1           0  0.17s           2025-07-06T12:07:34
================================================================================
[2025-07-06T12:08:35.282+0000] {manager.py:889} INFO - 
================================================================================
DAG File Processing Stats

File Path                                 PID  Runtime      # DAGs    # Errors  Last Runtime    Last Run
--------------------------------------  -----  ---------  --------  ----------  --------------  -------------------
/opt/airflow/dags/online_retail_etl.py     51  0.02s             1           0  0.14s           2025-07-06T12:08:05
================================================================================
[2025-07-06T12:09:01.600+0000] {manager.py:758} INFO - Searching for files in /opt/airflow/dags
[2025-07-06T12:09:01.610+0000] {manager.py:761} INFO - There are 1 files in /opt/airflow/dags
[2025-07-06T12:09:05.692+0000] {manager.py:889} INFO - 
================================================================================
DAG File Processing Stats

File Path                                 PID  Runtime      # DAGs    # Errors  Last Runtime    Last Run
--------------------------------------  -----  ---------  --------  ----------  --------------  -------------------
/opt/airflow/dags/online_retail_etl.py     52  0.02s             1           0  0.16s           2025-07-06T12:08:35
================================================================================
[2025-07-06T12:09:36.012+0000] {manager.py:889} INFO - 
================================================================================
DAG File Processing Stats

File Path                                 PID  Runtime      # DAGs    # Errors  Last Runtime    Last Run
--------------------------------------  -----  ---------  --------  ----------  --------------  -------------------
/opt/airflow/dags/online_retail_etl.py     53  0.01s             1           0  0.15s           2025-07-06T12:09:05
================================================================================
[2025-07-06T12:10:06.425+0000] {manager.py:889} INFO - 
================================================================================
DAG File Processing Stats

File Path                                 PID  Runtime      # DAGs    # Errors  Last Runtime    Last Run
--------------------------------------  -----  ---------  --------  ----------  --------------  -------------------
/opt/airflow/dags/online_retail_etl.py     54  0.02s             1           0  0.12s           2025-07-06T12:09:36
================================================================================
[2025-07-06T12:10:36.788+0000] {manager.py:889} INFO - 
================================================================================
DAG File Processing Stats

File Path                                 PID  Runtime      # DAGs    # Errors  Last Runtime    Last Run
--------------------------------------  -----  ---------  --------  ----------  --------------  -------------------
/opt/airflow/dags/online_retail_etl.py     55  0.01s             1           0  0.14s           2025-07-06T12:10:06
================================================================================
[2025-07-06T12:11:07.149+0000] {manager.py:889} INFO - 
================================================================================
DAG File Processing Stats

File Path                                 PID  Runtime      # DAGs    # Errors  Last Runtime    Last Run
--------------------------------------  -----  ---------  --------  ----------  --------------  -------------------
/opt/airflow/dags/online_retail_etl.py     56  0.02s             1           0  0.12s           2025-07-06T12:10:36
================================================================================
[2025-07-06T12:11:37.501+0000] {manager.py:889} INFO - 
================================================================================
DAG File Processing Stats

File Path                                 PID  Runtime      # DAGs    # Errors  Last Runtime    Last Run
--------------------------------------  -----  ---------  --------  ----------  --------------  -------------------
/opt/airflow/dags/online_retail_etl.py     57  0.01s             1           0  0.14s           2025-07-06T12:11:07
================================================================================
[2025-07-06T12:12:07.860+0000] {manager.py:889} INFO - 
================================================================================
DAG File Processing Stats

File Path                                 PID  Runtime      # DAGs    # Errors  Last Runtime    Last Run
--------------------------------------  -----  ---------  --------  ----------  --------------  -------------------
/opt/airflow/dags/online_retail_etl.py     58  0.02s             1           0  0.10s           2025-07-06T12:11:37
================================================================================
[2025-07-06T12:12:38.257+0000] {manager.py:889} INFO - 
================================================================================
DAG File Processing Stats

File Path                                 PID  Runtime      # DAGs    # Errors  Last Runtime    Last Run
--------------------------------------  -----  ---------  --------  ----------  --------------  -------------------
/opt/airflow/dags/online_retail_etl.py     59  0.03s             1           0  0.13s           2025-07-06T12:12:07
================================================================================
[2025-07-06T12:13:08.595+0000] {manager.py:889} INFO - 
================================================================================
DAG File Processing Stats

File Path                                 PID  Runtime      # DAGs    # Errors  Last Runtime    Last Run
--------------------------------------  -----  ---------  --------  ----------  --------------  -------------------
/opt/airflow/dags/online_retail_etl.py     60  0.02s             1           0  0.16s           2025-07-06T12:12:38
================================================================================
[2025-07-06T12:13:39.002+0000] {manager.py:889} INFO - 
================================================================================
DAG File Processing Stats

File Path                                 PID  Runtime      # DAGs    # Errors  Last Runtime    Last Run
--------------------------------------  -----  ---------  --------  ----------  --------------  -------------------
/opt/airflow/dags/online_retail_etl.py     61  0.02s             1           0  0.14s           2025-07-06T12:13:08
================================================================================
[2025-07-06T12:14:02.227+0000] {manager.py:758} INFO - Searching for files in /opt/airflow/dags
[2025-07-06T12:14:02.233+0000] {manager.py:761} INFO - There are 1 files in /opt/airflow/dags
[2025-07-06T12:14:09.349+0000] {manager.py:889} INFO - 
================================================================================
DAG File Processing Stats

File Path                                 PID  Runtime      # DAGs    # Errors  Last Runtime    Last Run
--------------------------------------  -----  ---------  --------  ----------  --------------  -------------------
/opt/airflow/dags/online_retail_etl.py     62  0.02s             1           0  0.13s           2025-07-06T12:13:39
================================================================================
[2025-07-06T12:14:39.707+0000] {manager.py:889} INFO - 
================================================================================
DAG File Processing Stats

File Path                                 PID  Runtime      # DAGs    # Errors  Last Runtime    Last Run
--------------------------------------  -----  ---------  --------  ----------  --------------  -------------------
/opt/airflow/dags/online_retail_etl.py     63  0.02s             1           0  0.13s           2025-07-06T12:14:09
================================================================================
[2025-07-06T12:15:10.068+0000] {manager.py:889} INFO - 
================================================================================
DAG File Processing Stats

File Path                                 PID  Runtime      # DAGs    # Errors  Last Runtime    Last Run
--------------------------------------  -----  ---------  --------  ----------  --------------  -------------------
/opt/airflow/dags/online_retail_etl.py     64  0.03s             1           0  0.15s           2025-07-06T12:14:39
================================================================================
[2025-07-06T12:15:40.422+0000] {manager.py:889} INFO - 
================================================================================
DAG File Processing Stats

File Path                                 PID  Runtime      # DAGs    # Errors  Last Runtime    Last Run
--------------------------------------  -----  ---------  --------  ----------  --------------  -------------------
/opt/airflow/dags/online_retail_etl.py     65  0.02s             1           0  0.15s           2025-07-06T12:15:10
================================================================================
[2025-07-06T12:16:10.832+0000] {manager.py:889} INFO - 
================================================================================
DAG File Processing Stats

File Path                                 PID  Runtime      # DAGs    # Errors  Last Runtime    Last Run
--------------------------------------  -----  ---------  --------  ----------  --------------  -------------------
/opt/airflow/dags/online_retail_etl.py     66  0.02s             1           0  0.14s           2025-07-06T12:15:40
================================================================================
[2025-07-06T12:16:41.183+0000] {manager.py:889} INFO - 
================================================================================
DAG File Processing Stats

File Path                                 PID  Runtime      # DAGs    # Errors  Last Runtime    Last Run
--------------------------------------  -----  ---------  --------  ----------  --------------  -------------------
/opt/airflow/dags/online_retail_etl.py     67  0.02s             1           0  0.16s           2025-07-06T12:16:10
================================================================================
